Archive member included because of file (symbol)

c:/program files (x86)/atmel/atmel toolchain/avr8 gcc/native/3.4.1061/avr8-gnu-toolchain/bin/../lib/gcc/avr/4.8.1/avr25/tiny-stack\libgcc.a(_exit.o)
                              c:/program files (x86)/atmel/atmel toolchain/avr8 gcc/native/3.4.1061/avr8-gnu-toolchain/bin/../lib/gcc/avr/4.8.1/../../../../avr/lib/avr25/tiny-stack/crttn2313a.o (exit)
c:/program files (x86)/atmel/atmel toolchain/avr8 gcc/native/3.4.1061/avr8-gnu-toolchain/bin/../lib/gcc/avr/4.8.1/avr25/tiny-stack\libgcc.a(_copy_data.o)
                              Attiny2313_7SEG.o (__do_copy_data)
c:/program files (x86)/atmel/atmel toolchain/avr8 gcc/native/3.4.1061/avr8-gnu-toolchain/bin/../lib/gcc/avr/4.8.1/avr25/tiny-stack\libgcc.a(_clear_bss.o)
                              Attiny2313_7SEG.o (__do_clear_bss)

Discarded input sections

 .data          0x00000000        0x0 c:/program files (x86)/atmel/atmel toolchain/avr8 gcc/native/3.4.1061/avr8-gnu-toolchain/bin/../lib/gcc/avr/4.8.1/../../../../avr/lib/avr25/tiny-stack/crttn2313a.o
 .bss           0x00000000        0x0 c:/program files (x86)/atmel/atmel toolchain/avr8 gcc/native/3.4.1061/avr8-gnu-toolchain/bin/../lib/gcc/avr/4.8.1/../../../../avr/lib/avr25/tiny-stack/crttn2313a.o
 .text          0x00000000        0x0 Attiny2313_7SEG.o
 .data          0x00000000        0x0 Attiny2313_7SEG.o
 .bss           0x00000000        0x0 Attiny2313_7SEG.o
 .text          0x00000000        0x0 c:/program files (x86)/atmel/atmel toolchain/avr8 gcc/native/3.4.1061/avr8-gnu-toolchain/bin/../lib/gcc/avr/4.8.1/avr25/tiny-stack\libgcc.a(_exit.o)
 .data          0x00000000        0x0 c:/program files (x86)/atmel/atmel toolchain/avr8 gcc/native/3.4.1061/avr8-gnu-toolchain/bin/../lib/gcc/avr/4.8.1/avr25/tiny-stack\libgcc.a(_exit.o)
 .bss           0x00000000        0x0 c:/program files (x86)/atmel/atmel toolchain/avr8 gcc/native/3.4.1061/avr8-gnu-toolchain/bin/../lib/gcc/avr/4.8.1/avr25/tiny-stack\libgcc.a(_exit.o)
 .text.libgcc.mul
                0x00000000        0x0 c:/program files (x86)/atmel/atmel toolchain/avr8 gcc/native/3.4.1061/avr8-gnu-toolchain/bin/../lib/gcc/avr/4.8.1/avr25/tiny-stack\libgcc.a(_exit.o)
 .text.libgcc.div
                0x00000000        0x0 c:/program files (x86)/atmel/atmel toolchain/avr8 gcc/native/3.4.1061/avr8-gnu-toolchain/bin/../lib/gcc/avr/4.8.1/avr25/tiny-stack\libgcc.a(_exit.o)
 .text.libgcc   0x00000000        0x0 c:/program files (x86)/atmel/atmel toolchain/avr8 gcc/native/3.4.1061/avr8-gnu-toolchain/bin/../lib/gcc/avr/4.8.1/avr25/tiny-stack\libgcc.a(_exit.o)
 .text.libgcc.prologue
                0x00000000        0x0 c:/program files (x86)/atmel/atmel toolchain/avr8 gcc/native/3.4.1061/avr8-gnu-toolchain/bin/../lib/gcc/avr/4.8.1/avr25/tiny-stack\libgcc.a(_exit.o)
 .text.libgcc.builtins
                0x00000000        0x0 c:/program files (x86)/atmel/atmel toolchain/avr8 gcc/native/3.4.1061/avr8-gnu-toolchain/bin/../lib/gcc/avr/4.8.1/avr25/tiny-stack\libgcc.a(_exit.o)
 .text.libgcc.fmul
                0x00000000        0x0 c:/program files (x86)/atmel/atmel toolchain/avr8 gcc/native/3.4.1061/avr8-gnu-toolchain/bin/../lib/gcc/avr/4.8.1/avr25/tiny-stack\libgcc.a(_exit.o)
 .text.libgcc.fixed
                0x00000000        0x0 c:/program files (x86)/atmel/atmel toolchain/avr8 gcc/native/3.4.1061/avr8-gnu-toolchain/bin/../lib/gcc/avr/4.8.1/avr25/tiny-stack\libgcc.a(_exit.o)
 .text          0x00000000        0x0 c:/program files (x86)/atmel/atmel toolchain/avr8 gcc/native/3.4.1061/avr8-gnu-toolchain/bin/../lib/gcc/avr/4.8.1/avr25/tiny-stack\libgcc.a(_copy_data.o)
 .data          0x00000000        0x0 c:/program files (x86)/atmel/atmel toolchain/avr8 gcc/native/3.4.1061/avr8-gnu-toolchain/bin/../lib/gcc/avr/4.8.1/avr25/tiny-stack\libgcc.a(_copy_data.o)
 .bss           0x00000000        0x0 c:/program files (x86)/atmel/atmel toolchain/avr8 gcc/native/3.4.1061/avr8-gnu-toolchain/bin/../lib/gcc/avr/4.8.1/avr25/tiny-stack\libgcc.a(_copy_data.o)
 .text.libgcc.mul
                0x00000000        0x0 c:/program files (x86)/atmel/atmel toolchain/avr8 gcc/native/3.4.1061/avr8-gnu-toolchain/bin/../lib/gcc/avr/4.8.1/avr25/tiny-stack\libgcc.a(_copy_data.o)
 .text.libgcc.div
                0x00000000        0x0 c:/program files (x86)/atmel/atmel toolchain/avr8 gcc/native/3.4.1061/avr8-gnu-toolchain/bin/../lib/gcc/avr/4.8.1/avr25/tiny-stack\libgcc.a(_copy_data.o)
 .text.libgcc   0x00000000        0x0 c:/program files (x86)/atmel/atmel toolchain/avr8 gcc/native/3.4.1061/avr8-gnu-toolchain/bin/../lib/gcc/avr/4.8.1/avr25/tiny-stack\libgcc.a(_copy_data.o)
 .text.libgcc.prologue
                0x00000000        0x0 c:/program files (x86)/atmel/atmel toolchain/avr8 gcc/native/3.4.1061/avr8-gnu-toolchain/bin/../lib/gcc/avr/4.8.1/avr25/tiny-stack\libgcc.a(_copy_data.o)
 .text.libgcc.builtins
                0x00000000        0x0 c:/program files (x86)/atmel/atmel toolchain/avr8 gcc/native/3.4.1061/avr8-gnu-toolchain/bin/../lib/gcc/avr/4.8.1/avr25/tiny-stack\libgcc.a(_copy_data.o)
 .text.libgcc.fmul
                0x00000000        0x0 c:/program files (x86)/atmel/atmel toolchain/avr8 gcc/native/3.4.1061/avr8-gnu-toolchain/bin/../lib/gcc/avr/4.8.1/avr25/tiny-stack\libgcc.a(_copy_data.o)
 .text.libgcc.fixed
                0x00000000        0x0 c:/program files (x86)/atmel/atmel toolchain/avr8 gcc/native/3.4.1061/avr8-gnu-toolchain/bin/../lib/gcc/avr/4.8.1/avr25/tiny-stack\libgcc.a(_copy_data.o)
 .text          0x00000000        0x0 c:/program files (x86)/atmel/atmel toolchain/avr8 gcc/native/3.4.1061/avr8-gnu-toolchain/bin/../lib/gcc/avr/4.8.1/avr25/tiny-stack\libgcc.a(_clear_bss.o)
 .data          0x00000000        0x0 c:/program files (x86)/atmel/atmel toolchain/avr8 gcc/native/3.4.1061/avr8-gnu-toolchain/bin/../lib/gcc/avr/4.8.1/avr25/tiny-stack\libgcc.a(_clear_bss.o)
 .bss           0x00000000        0x0 c:/program files (x86)/atmel/atmel toolchain/avr8 gcc/native/3.4.1061/avr8-gnu-toolchain/bin/../lib/gcc/avr/4.8.1/avr25/tiny-stack\libgcc.a(_clear_bss.o)
 .text.libgcc.mul
                0x00000000        0x0 c:/program files (x86)/atmel/atmel toolchain/avr8 gcc/native/3.4.1061/avr8-gnu-toolchain/bin/../lib/gcc/avr/4.8.1/avr25/tiny-stack\libgcc.a(_clear_bss.o)
 .text.libgcc.div
                0x00000000        0x0 c:/program files (x86)/atmel/atmel toolchain/avr8 gcc/native/3.4.1061/avr8-gnu-toolchain/bin/../lib/gcc/avr/4.8.1/avr25/tiny-stack\libgcc.a(_clear_bss.o)
 .text.libgcc   0x00000000        0x0 c:/program files (x86)/atmel/atmel toolchain/avr8 gcc/native/3.4.1061/avr8-gnu-toolchain/bin/../lib/gcc/avr/4.8.1/avr25/tiny-stack\libgcc.a(_clear_bss.o)
 .text.libgcc.prologue
                0x00000000        0x0 c:/program files (x86)/atmel/atmel toolchain/avr8 gcc/native/3.4.1061/avr8-gnu-toolchain/bin/../lib/gcc/avr/4.8.1/avr25/tiny-stack\libgcc.a(_clear_bss.o)
 .text.libgcc.builtins
                0x00000000        0x0 c:/program files (x86)/atmel/atmel toolchain/avr8 gcc/native/3.4.1061/avr8-gnu-toolchain/bin/../lib/gcc/avr/4.8.1/avr25/tiny-stack\libgcc.a(_clear_bss.o)
 .text.libgcc.fmul
                0x00000000        0x0 c:/program files (x86)/atmel/atmel toolchain/avr8 gcc/native/3.4.1061/avr8-gnu-toolchain/bin/../lib/gcc/avr/4.8.1/avr25/tiny-stack\libgcc.a(_clear_bss.o)
 .text.libgcc.fixed
                0x00000000        0x0 c:/program files (x86)/atmel/atmel toolchain/avr8 gcc/native/3.4.1061/avr8-gnu-toolchain/bin/../lib/gcc/avr/4.8.1/avr25/tiny-stack\libgcc.a(_clear_bss.o)

Memory Configuration

Name             Origin             Length             Attributes
text             0x00000000         0x00002000         xr
data             0x00800060         0x0000ffa0         rw !x
eeprom           0x00810000         0x00010000         rw !x
fuse             0x00820000         0x00000400         rw !x
lock             0x00830000         0x00000400         rw !x
signature        0x00840000         0x00000400         rw !x
user_signatures  0x00850000         0x00000400         rw !x
*default*        0x00000000         0xffffffff

Linker script and memory map

LOAD c:/program files (x86)/atmel/atmel toolchain/avr8 gcc/native/3.4.1061/avr8-gnu-toolchain/bin/../lib/gcc/avr/4.8.1/../../../../avr/lib/avr25/tiny-stack/crttn2313a.o
LOAD Attiny2313_7SEG.o
START GROUP
LOAD c:/program files (x86)/atmel/atmel toolchain/avr8 gcc/native/3.4.1061/avr8-gnu-toolchain/bin/../lib/gcc/avr/4.8.1/../../../../avr/lib/avr25/tiny-stack\libm.a
END GROUP
START GROUP
LOAD c:/program files (x86)/atmel/atmel toolchain/avr8 gcc/native/3.4.1061/avr8-gnu-toolchain/bin/../lib/gcc/avr/4.8.1/avr25/tiny-stack\libgcc.a
LOAD c:/program files (x86)/atmel/atmel toolchain/avr8 gcc/native/3.4.1061/avr8-gnu-toolchain/bin/../lib/gcc/avr/4.8.1/../../../../avr/lib/avr25/tiny-stack\libm.a
LOAD c:/program files (x86)/atmel/atmel toolchain/avr8 gcc/native/3.4.1061/avr8-gnu-toolchain/bin/../lib/gcc/avr/4.8.1/../../../../avr/lib/avr25/tiny-stack\libc.a
END GROUP

.hash
 *(.hash)

.dynsym
 *(.dynsym)

.dynstr
 *(.dynstr)

.gnu.version
 *(.gnu.version)

.gnu.version_d
 *(.gnu.version_d)

.gnu.version_r
 *(.gnu.version_r)

.rel.init
 *(.rel.init)

.rela.init
 *(.rela.init)

.rel.text
 *(.rel.text)
 *(.rel.text.*)
 *(.rel.gnu.linkonce.t*)

.rela.text
 *(.rela.text)
 *(.rela.text.*)
 *(.rela.gnu.linkonce.t*)

.rel.fini
 *(.rel.fini)

.rela.fini
 *(.rela.fini)

.rel.rodata
 *(.rel.rodata)
 *(.rel.rodata.*)
 *(.rel.gnu.linkonce.r*)

.rela.rodata
 *(.rela.rodata)
 *(.rela.rodata.*)
 *(.rela.gnu.linkonce.r*)

.rel.data
 *(.rel.data)
 *(.rel.data.*)
 *(.rel.gnu.linkonce.d*)

.rela.data
 *(.rela.data)
 *(.rela.data.*)
 *(.rela.gnu.linkonce.d*)

.rel.ctors
 *(.rel.ctors)

.rela.ctors
 *(.rela.ctors)

.rel.dtors
 *(.rel.dtors)

.rela.dtors
 *(.rela.dtors)

.rel.got
 *(.rel.got)

.rela.got
 *(.rela.got)

.rel.bss
 *(.rel.bss)

.rela.bss
 *(.rela.bss)

.rel.plt
 *(.rel.plt)

.rela.plt
 *(.rela.plt)

.text           0x00000000      0x2e0
 *(.vectors)
 .vectors       0x00000000       0x2a c:/program files (x86)/atmel/atmel toolchain/avr8 gcc/native/3.4.1061/avr8-gnu-toolchain/bin/../lib/gcc/avr/4.8.1/../../../../avr/lib/avr25/tiny-stack/crttn2313a.o
                0x00000000                __vector_default
                0x00000000                __vectors
 *(.vectors)
 *(.progmem.gcc*)
                0x0000002a                . = ALIGN (0x2)
                0x0000002a                __trampolines_start = .
 *(.trampolines)
 .trampolines   0x0000002a        0x0 linker stubs
 *(.trampolines*)
                0x0000002a                __trampolines_end = .
 *(.progmem*)
                0x0000002a                . = ALIGN (0x2)
 *(.jumptables)
 *(.jumptables*)
 *(.lowtext)
 *(.lowtext*)
                0x0000002a                __ctors_start = .
 *(.ctors)
                0x0000002a                __ctors_end = .
                0x0000002a                __dtors_start = .
 *(.dtors)
                0x0000002a                __dtors_end = .
 SORT(*)(.ctors)
 SORT(*)(.dtors)
 *(.init0)
 .init0         0x0000002a        0x0 c:/program files (x86)/atmel/atmel toolchain/avr8 gcc/native/3.4.1061/avr8-gnu-toolchain/bin/../lib/gcc/avr/4.8.1/../../../../avr/lib/avr25/tiny-stack/crttn2313a.o
                0x0000002a                __init
 *(.init0)
 *(.init1)
 *(.init1)
 *(.init2)
 .init2         0x0000002a        0x8 c:/program files (x86)/atmel/atmel toolchain/avr8 gcc/native/3.4.1061/avr8-gnu-toolchain/bin/../lib/gcc/avr/4.8.1/../../../../avr/lib/avr25/tiny-stack/crttn2313a.o
 *(.init2)
 *(.init3)
 *(.init3)
 *(.init4)
 .init4         0x00000032       0x16 c:/program files (x86)/atmel/atmel toolchain/avr8 gcc/native/3.4.1061/avr8-gnu-toolchain/bin/../lib/gcc/avr/4.8.1/avr25/tiny-stack\libgcc.a(_copy_data.o)
                0x00000032                __do_copy_data
 .init4         0x00000048       0x10 c:/program files (x86)/atmel/atmel toolchain/avr8 gcc/native/3.4.1061/avr8-gnu-toolchain/bin/../lib/gcc/avr/4.8.1/avr25/tiny-stack\libgcc.a(_clear_bss.o)
                0x00000048                __do_clear_bss
 *(.init4)
 *(.init5)
 *(.init5)
 *(.init6)
 *(.init6)
 *(.init7)
 *(.init7)
 *(.init8)
 *(.init8)
 *(.init9)
 .init9         0x00000058        0x4 c:/program files (x86)/atmel/atmel toolchain/avr8 gcc/native/3.4.1061/avr8-gnu-toolchain/bin/../lib/gcc/avr/4.8.1/../../../../avr/lib/avr25/tiny-stack/crttn2313a.o
 *(.init9)
 *(.text)
 .text          0x0000005c        0x2 c:/program files (x86)/atmel/atmel toolchain/avr8 gcc/native/3.4.1061/avr8-gnu-toolchain/bin/../lib/gcc/avr/4.8.1/../../../../avr/lib/avr25/tiny-stack/crttn2313a.o
                0x0000005c                __vector_1
                0x0000005c                __vector_12
                0x0000005c                __bad_interrupt
                0x0000005c                __vector_3
                0x0000005c                __vector_11
                0x0000005c                __vector_13
                0x0000005c                __vector_17
                0x0000005c                __vector_19
                0x0000005c                __vector_7
                0x0000005c                __vector_4
                0x0000005c                __vector_9
                0x0000005c                __vector_2
                0x0000005c                __vector_15
                0x0000005c                __vector_8
                0x0000005c                __vector_14
                0x0000005c                __vector_10
                0x0000005c                __vector_16
                0x0000005c                __vector_18
                0x0000005c                __vector_20
                0x0000005e                . = ALIGN (0x2)
 *(.text.*)
 .text.__vector_5
                0x0000005e       0x48 Attiny2313_7SEG.o
                0x0000005e                __vector_5
 .text.setup_output
                0x000000a6        0xe Attiny2313_7SEG.o
                0x000000a6                setup_output
 .text.setup_input
                0x000000b4        0xc Attiny2313_7SEG.o
                0x000000b4                setup_input
 .text.show_number
                0x000000c0       0x46 Attiny2313_7SEG.o
                0x000000c0                show_number
 .text.check_time
                0x00000106       0xa2 Attiny2313_7SEG.o
                0x00000106                check_time
 .text.__vector_6
                0x000001a8       0x6a Attiny2313_7SEG.o
                0x000001a8                __vector_6
 .text.ReadInput
                0x00000212       0xaa Attiny2313_7SEG.o
                0x00000212                ReadInput
 .text.main     0x000002bc       0x20 Attiny2313_7SEG.o
                0x000002bc                main
                0x000002dc                . = ALIGN (0x2)
 *(.fini9)
 .fini9         0x000002dc        0x0 c:/program files (x86)/atmel/atmel toolchain/avr8 gcc/native/3.4.1061/avr8-gnu-toolchain/bin/../lib/gcc/avr/4.8.1/avr25/tiny-stack\libgcc.a(_exit.o)
                0x000002dc                _exit
                0x000002dc                exit
 *(.fini9)
 *(.fini8)
 *(.fini8)
 *(.fini7)
 *(.fini7)
 *(.fini6)
 *(.fini6)
 *(.fini5)
 *(.fini5)
 *(.fini4)
 *(.fini4)
 *(.fini3)
 *(.fini3)
 *(.fini2)
 *(.fini2)
 *(.fini1)
 *(.fini1)
 *(.fini0)
 .fini0         0x000002dc        0x4 c:/program files (x86)/atmel/atmel toolchain/avr8 gcc/native/3.4.1061/avr8-gnu-toolchain/bin/../lib/gcc/avr/4.8.1/avr25/tiny-stack\libgcc.a(_exit.o)
 *(.fini0)
                0x000002e0                _etext = .

.data           0x00800060       0x14 load address 0x000002e0
                0x00800060                PROVIDE (__data_start, .)
 *(.data)
 *(.data*)
 .data.SEGMENT_DOT
                0x00800060        0xa Attiny2313_7SEG.o
                0x00800060                SEGMENT_DOT
 .data.SEGMENT_NODOT
                0x0080006a        0xa Attiny2313_7SEG.o
                0x0080006a                SEGMENT_NODOT
 *(.rodata)
 *(.rodata*)
 *(.gnu.linkonce.d*)
                0x00800074                . = ALIGN (0x2)
                0x00800074                _edata = .
                0x00800074                PROVIDE (__data_end, .)

.bss            0x00800074        0xc
                0x00800074                PROVIDE (__bss_start, .)
 *(.bss)
 *(.bss*)
 .bss.time_hr   0x00800074        0x2 Attiny2313_7SEG.o
                0x00800074                time_hr
 .bss.time_minutes
                0x00800076        0x2 Attiny2313_7SEG.o
                0x00800076                time_minutes
 .bss.time_seconds
                0x00800078        0x2 Attiny2313_7SEG.o
                0x00800078                time_seconds
 .bss.mode      0x0080007a        0x2 Attiny2313_7SEG.o
                0x0080007a                mode
 .bss.ms        0x0080007c        0x2 Attiny2313_7SEG.o
                0x0080007c                ms
 .bss.i         0x0080007e        0x2 Attiny2313_7SEG.o
                0x0080007e                i
 *(COMMON)
                0x00800080                PROVIDE (__bss_end, .)
                0x000002e0                __data_load_start = LOADADDR (.data)
                0x000002f4                __data_load_end = (__data_load_start + SIZEOF (.data))

.noinit         0x00800080        0x0
                0x00800080                PROVIDE (__noinit_start, .)
 *(.noinit*)
                0x00800080                PROVIDE (__noinit_end, .)
                0x00800080                _end = .
                0x00800080                PROVIDE (__heap_start, .)

.eeprom         0x00810000        0x0
 *(.eeprom*)
                0x00810000                __eeprom_end = .

.fuse
 *(.fuse)
 *(.lfuse)
 *(.hfuse)
 *(.efuse)

.lock
 *(.lock*)

.signature
 *(.signature*)

.user_signatures
 *(.user_signatures*)

.stab
 *(.stab)

.stabstr
 *(.stabstr)

.stab.excl
 *(.stab.excl)

.stab.exclstr
 *(.stab.exclstr)

.stab.index
 *(.stab.index)

.stab.indexstr
 *(.stab.indexstr)

.comment        0x00000000       0x30
 *(.comment)
 .comment       0x00000000       0x30 Attiny2313_7SEG.o
                                 0x31 (size before relaxing)

.note.gnu.build-id
 *(.note.gnu.build-id)

.debug
 *(.debug)

.line
 *(.line)

.debug_srcinfo
 *(.debug_srcinfo)

.debug_sfnames
 *(.debug_sfnames)

.debug_aranges  0x00000000       0x58
 *(.debug_aranges)
 .debug_aranges
                0x00000000       0x58 Attiny2313_7SEG.o

.debug_pubnames
 *(.debug_pubnames)

.debug_info     0x00000000      0x249
 *(.debug_info .gnu.linkonce.wi.*)
 .debug_info    0x00000000      0x249 Attiny2313_7SEG.o

.debug_abbrev   0x00000000      0x12d
 *(.debug_abbrev)
 .debug_abbrev  0x00000000      0x12d Attiny2313_7SEG.o

.debug_line     0x00000000      0x17d
 *(.debug_line .debug_line.* .debug_line_end)
 .debug_line    0x00000000      0x17d Attiny2313_7SEG.o

.debug_frame    0x00000000       0xf8
 *(.debug_frame)
 .debug_frame   0x00000000       0xf8 Attiny2313_7SEG.o

.debug_str      0x00000000      0x1e7
 *(.debug_str)
 .debug_str     0x00000000      0x1e7 Attiny2313_7SEG.o
                                0x220 (size before relaxing)

.debug_loc      0x00000000      0x17d
 *(.debug_loc)
 .debug_loc     0x00000000      0x17d Attiny2313_7SEG.o

.debug_macinfo
 *(.debug_macinfo)

.debug_weaknames
 *(.debug_weaknames)

.debug_funcnames
 *(.debug_funcnames)

.debug_typenames
 *(.debug_typenames)

.debug_varnames
 *(.debug_varnames)

.debug_pubtypes
 *(.debug_pubtypes)

.debug_ranges   0x00000000       0x48
 *(.debug_ranges)
 .debug_ranges  0x00000000       0x48 Attiny2313_7SEG.o

.debug_macro
 *(.debug_macro)
OUTPUT(Attiny2313_7SEG.elf elf32-avr)
LOAD linker stubs
